core_cm3.h:1762:34:__NVIC_SystemReset	4	static,ignoring_inline_asm
main.c:100:6:Initialize_SIM800	16	static
main.c:129:6:Checking_inputs	16	static
main.c:254:6:sending_sms_func	16	static
main.c:270:6:calling_func	8	static
main.c:283:6:check_for_incoming_sms	16	static
main.c:403:6:Bat_check_func	8	static
main.c:452:6:Del_all_sms	16	static
main.c:462:5:main	16	static
main.c:555:6:SystemClock_Config	88	static
main.c:600:13:MX_USART3_UART_Init	8	static
main.c:621:13:MX_GPIO_Init	40	static
main.c:701:6:Error_Handler	4	static
